╭───────────────┬───────────────┬───────────────╮
│               │               │               │
│               │               │               │
│     9/22      │     9/27      │     9/28      │
│               │               │               │
├───────────────┼───────────────┼───────────────┤
│               │               │               │
│               │               │               │
│               │               │               │
│               │               │               │
│               │               │               │
│               │               │               │
│               │               │               │
╰───────────────┴───────────────┴───────────────╯