╭─────┬─────┬─────╮
│ Wed │ Thu │ Mon │
├─────┼─────┼─────┤
│     │     │2    │
│     │     │     │
├─────┼─────┼─────┤
│4    │5    │9    │
│     │     │     │
├─────┼─────┼─────┤
│11   │12   │16   │
│     │     │     │
├─────┼─────┼─────┤
│18   │19   │23   │
│     │     │     │
├─────┼─────┼─────┤
│25   │26   │30   │
│     │     │     │
╰─────┴─────┴─────╯