╭───────╮╭───────╮╭───────╮╭───────╮    
│   1   ││   2   ││   3   ││ = 4 = │    
├───────┴┴───────┴┴───────┴┘       └───┐
│                                      │
│ I am tab 4                           │
└──────────────────────────────────────┘
